// Jest Snapshot v1, https://goo.gl/fbAQLP

exports[`NumberCard Component matches the snapshot 1`] = `
<View
  style={
    {
      "alignItems": "center",
      "backgroundColor": "#333333",
      "borderRadius": 8,
      "elevation": 5,
      "height": 50,
      "justifyContent": "center",
      "margin": 4,
      "shadowColor": "#1f1f1f",
      "shadowOffset": {
        "height": 2,
        "width": 0,
      },
      "shadowOpacity": 1,
      "shadowRadius": 2,
      "width": 50,
    }
  }
>
  <Text
    style={
      {
        "color": "#fff",
        "fontSize": 20,
        "fontWeight": "bold",
      }
    }
  >
    07
  </Text>
</View>
`;
